Dot-file result.dot generated
/SiteWebIF/Intranet-etudiant.php : 3
/temps/3IF37.html : 2
/ : 2
/temps/index.html : 1
/temps/ : 1
/temps/3IF39.html : 1
/temps/3IF38.html : 1
/temps/GL.ics : 1
/temps/3IF40.html : 1
/temps/3IF41.html : 1