/SiteWebIF/Intranet-etudiant.php : 2
/temps/suivant.gif : 1
/temps/ : 1
/stages/FondInsa.jpg : 1
/stages/InsaIF.ico : 1
/stages/bandeauFinal.jpg : 1
/stages/style_pfe.css : 1
/temps/style_emploi_du_temps.css : 1
/temps/3IF37.html : 1
/temps/FondInsa.jpg : 1