/SiteWebIF/Intranet-etudiant.php : 3
/notesif/ : 2
/notesif : 2
/temps/4IF4.ics : 1
/temps/3IF1.ics : 1
/temps/4IF3.ics : 1
- : 0