/SiteWebIF/Intranet-etudiant.php : 3
/stages/FondInsa.jpg : 1
/ : 1
/favicon.ico : 1
/stages/style_pfe.css : 1
- : 0
/vie-etudiante/laedi : 0
/www.google.com : 0