/SiteWebIF/Intranet-etudiant.php : 3
/notesif/ : 2
/notesif : 2
/stages/style_pfe.css : 1
/stages/FondInsa.jpg : 1
/stages/InsaIF.ico : 1
/stages/bandeauFinal.jpg : 1
/temps/style_emploi_du_temps.css : 1
/temps/ : 1
/temps/3IF1.ics : 1