Dot-file result.dot generated
/SiteWebIF/Intranet-etudiant.php : 5
/temps/4IF4.ics : 2
/temps/3IF1.ics : 2
/notesif : 2
/notesif/ : 2
/notesif/RSS/RSS_4IF.xml : 1
/stages/Listestage.php : 1
/stages/descriptif/MEDIAL.pdf : 1
/temps/3IF2.ics : 1
/temps/3IF38.html : 1