Dot-file result.dot generated
/SiteWebIF/Intranet-etudiant.php : 46
/notesif/ : 12
/notesif : 10
/temps/3IF1.ics : 9
/temps/ : 9
/favicon.ico : 8
/temps/style_emploi_du_temps.css : 8
/temps/FondInsa.jpg : 8
/temps/3IF37.html : 7
/temps/3IF38.html : 7