Dot-file result.dot generated
/temps/4IF16.html : 2
/temps/4IF18.html : 2
/SiteWebIF/Intranet-etudiant.php : 1
/temps/InsaIF.ico : 1
/temps/4IF18.jpg : 1
/ : 1
/temps/4IF17.html : 1
- : 0
/temps/4IF15.html : 0
/temps/ : 0