[Warning] Command not recognized [false_option_command]
/SiteWebIF/Intranet-etudiant.php : 5
/notesif/ : 3
/notesif : 3
/temps/4IF4.ics : 2
/temps/3IF1.ics : 2
/temps/4IF3.ics : 2
/stages/Listestage.php : 1
/stages/bandeauFinal.jpg : 1
/stages/descriptif/MEDIAL.pdf : 1
/notesif/RSS/RSS_4IF.xml : 1