Dot-file result.dot generated
/temps/3IF1.ics : 1
/notesif : 1
/notesif/ : 1
/temps/ : 1
/temps/FondInsa.jpg : 1
/temps/3IF44.html : 1
/temps/4IF3.ics : 1
- : 0
/www.google.com : 0
