/temps/3IF37.html : 2
/temps/index.html : 1
/temps/ : 1
/temps/3IF39.html : 1
/temps/3IF38.html : 1
/temps/3IF42.html : 1
/temps/3IF40.html : 1
/temps/3IF41.html : 1
/SiteWebIF/Intranet-etudiant.php : 0
- : 0