/temps/4IF18.html : 2
/temps/4IF18.jpg : 1
/ : 1
/SiteWebIF/Intranet-etudiant.php : 1
/temps/4IF17.html : 0
- : 0
/www.google.com : 0