Dot-file result.dot generated
/SiteWebIF/Intranet-etudiant.php : 3
/temps/style_emploi_du_temps.css : 2
/ : 2
/favicon.ico : 2
/temps/choix.gif : 2
/temps/3IF37.html : 2
/stages/InsaIF.ico : 1
/stages/bandeauFinal.jpg : 1
/stages/style_pfe.css : 1
/temps/ : 1